// Jest Snapshot v1, https://goo.gl/fbAQLP

exports[`MessageContainer component renders as expected 1`] = `
ShallowWrapper {
  "length": 1,
  Symbol(enzyme.__root__): [Circular],
  Symbol(enzyme.__unrendered__): <MessageContainer
    message="Some message"
    title="Some title"
  />,
  Symbol(enzyme.__renderer__): Object {
    "batchedUpdates": [Function],
    "getNode": [Function],
    "render": [Function],
    "simulateEvent": [Function],
    "unmount": [Function],
  },
  Symbol(enzyme.__node__): Object {
    "instance": null,
    "key": undefined,
    "nodeType": "class",
    "props": Object {
      "children": Array [
        <Text
          accessible={true}
          allowFontScaling={true}
          ellipsizeMode="tail"
          style={
            Object {
              "fontSize": 32,
            }
          }
        >
          Some title
        </Text>,
        <Text
          accessible={true}
          allowFontScaling={true}
          ellipsizeMode="tail"
          style={
            Object {
              "fontSize": 21,
            }
          }
        >
          Some message
        </Text>,
      ],
      "style": Object {
        "alignItems": "center",
        "backgroundColor": "#F5F5F5",
        "flex": 1,
        "flexDirection": "column",
        "justifyContent": "center",
        "paddingTop": 20,
      },
    },
    "ref": null,
    "rendered": Array [
      Object {
        "instance": null,
        "key": undefined,
        "nodeType": "class",
        "props": Object {
          "accessible": true,
          "allowFontScaling": true,
          "children": "Some title",
          "ellipsizeMode": "tail",
          "style": Object {
            "fontSize": 32,
          },
        },
        "ref": null,
        "rendered": "Some title",
        "type": [Function],
      },
      Object {
        "instance": null,
        "key": undefined,
        "nodeType": "class",
        "props": Object {
          "accessible": true,
          "allowFontScaling": true,
          "children": "Some message",
          "ellipsizeMode": "tail",
          "style": Object {
            "fontSize": 21,
          },
        },
        "ref": null,
        "rendered": "Some message",
        "type": [Function],
      },
    ],
    "type": [Function],
  },
  Symbol(enzyme.__nodes__): Array [
    Object {
      "instance": null,
      "key": undefined,
      "nodeType": "class",
      "props": Object {
        "children": Array [
          <Text
            accessible={true}
            allowFontScaling={true}
            ellipsizeMode="tail"
            style={
              Object {
                "fontSize": 32,
              }
            }
          >
            Some title
          </Text>,
          <Text
            accessible={true}
            allowFontScaling={true}
            ellipsizeMode="tail"
            style={
              Object {
                "fontSize": 21,
              }
            }
          >
            Some message
          </Text>,
        ],
        "style": Object {
          "alignItems": "center",
          "backgroundColor": "#F5F5F5",
          "flex": 1,
          "flexDirection": "column",
          "justifyContent": "center",
          "paddingTop": 20,
        },
      },
      "ref": null,
      "rendered": Array [
        Object {
          "instance": null,
          "key": undefined,
          "nodeType": "class",
          "props": Object {
            "accessible": true,
            "allowFontScaling": true,
            "children": "Some title",
            "ellipsizeMode": "tail",
            "style": Object {
              "fontSize": 32,
            },
          },
          "ref": null,
          "rendered": "Some title",
          "type": [Function],
        },
        Object {
          "instance": null,
          "key": undefined,
          "nodeType": "class",
          "props": Object {
            "accessible": true,
            "allowFontScaling": true,
            "children": "Some message",
            "ellipsizeMode": "tail",
            "style": Object {
              "fontSize": 21,
            },
          },
          "ref": null,
          "rendered": "Some message",
          "type": [Function],
        },
      ],
      "type": [Function],
    },
  ],
  Symbol(enzyme.__options__): Object {
    "adapter": ReactSixteenAdapter {
      "options": Object {
        "enableComponentDidUpdateOnSetState": true,
      },
    },
  },
}
`;
